[    0.000000] Linux version 4.15.0-212-generic (buildd@lcy02-amd64-083) (gcc version 7.5.0 (Ubuntu 7.5.0-3ubuntu1~18.04)) #223-Ubuntu SMP Tue May 23 13:09:22 UTC 2023 (Ubuntu 4.15.0-212.223-generic 4.15.18)
[    0.000000] Command line: BOOT_IMAGE=/boot/vmlinuz-4.15.0-212-generic root=LABEL=cloudimg-rootfs ro console=tty1 console=ttyS0
[    0.000000] KERNEL supported cpus:
[    0.000000]   Intel GenuineIntel
[    0.000000]   AMD AuthenticAMD
[    0.000000]   Centaur CentaurHauls
[    0.000000] [Firmware Bug]: TSC doesn't count with P0 frequency!
[    0.000000] x86/fpu: Supporting XSAVE feature 0x001: 'x87 floating point registers'
[    0.000000] x86/fpu: Supporting XSAVE feature 0x002: 'SSE registers'
[    0.000000] x86/fpu: Supporting XSAVE feature 0x004: 'AVX registers'
[    0.000000] x86/fpu: xstate_offset[2]:  576, xstate_sizes[2]:  256
[    0.000000] x86/fpu: Enabled xstate features 0x7, context size is 832 bytes, using 'standard' format.
[    0.000000] e820: BIOS-provided physical RAM map:
[    0.000000] BIOS-e820: [mem 0x0000000000000000-0x000000000009fbff] usable
[    0.000000] BIOS-e820: [mem 0x000000000009fc00-0x000000000009ffff] reserved
[    0.000000] BIOS-e820: [mem 0x00000000000f0000-0x00000000000fffff] reserved
[    0.000000] BIOS-e820: [mem 0x0000000000100000-0x000000003ffeffff] usable
[    0.000000] BIOS-e820: [mem 0x000000003fff0000-0x000000003fffffff] ACPI data
[    0.000000] BIOS-e820: [mem 0x00000000fec00000-0x00000000fec00fff] reserved
[    0.000000] BIOS-e820: [mem 0x00000000fee00000-0x00000000fee00fff] reserved
[    0.000000] BIOS-e820: [mem 0x00000000fffc0000-0x00000000ffffffff] reserved
[    0.000000] NX (Execute Disable) protection: active
[    0.000000] SMBIOS 2.5 present.
[    0.000000] DMI: innotek GmbH VirtualBox/VirtualBox, BIOS VirtualBox 12/01/2006
[    0.000000] Hypervisor detected: KVM
[    0.000000] AGP: No AGP bridge found
[    0.000000] e820: last_pfn = 0x3fff0 max_arch_pfn = 0x400000000
[    0.000000] MTRR: Disabled
[    0.000000] x86/PAT: MTRRs disabled, skipping PAT initialization too.
[    0.000000] CPU MTRRs all blank - virtualized system.
[    0.000000] x86/PAT: Configuration [0-7]: WB  WT  UC- UC  WB  WT  UC- UC  
[    0.000000] found SMP MP-table at [mem 0x0009fff0-0x0009ffff]
[    0.000000] Scanning 1 areas for low memory corruption
[    0.000000] RAMDISK: [mem 0x359cb000-0x36cdcfff]
[    0.000000] ACPI: Early table checksum verification disabled
[    0.000000] ACPI: RSDP 0x00000000000E0000 000024 (v02 VBOX  )
[    0.000000] ACPI: XSDT 0x000000003FFF0030 00003C (v01 VBOX   VBOXXSDT 00000001 ASL  00000061)
[    0.000000] ACPI: FACP 0x000000003FFF00F0 0000F4 (v04 VBOX   VBOXFACP 00000001 ASL  00000061)
[    0.000000] ACPI: DSDT 0x000000003FFF0610 002353 (v02 VBOX   VBOXBIOS 00000002 INTL 20100528)
[    0.000000] ACPI: FACS 0x000000003FFF0200 000040
[    0.000000] ACPI: FACS 0x000000003FFF0200 000040
[    0.000000] ACPI: APIC 0x000000003FFF0240 00005C (v02 VBOX   VBOXAPIC 00000001 ASL  00000061)
[    0.000000] ACPI: SSDT 0x000000003FFF02A0 00036C (v01 VBOX   VBOXCPUT 00000002 INTL 20100528)
[    0.000000] ACPI: Reserving FACP table memory at [mem 0x3fff00f0-0x3fff01e3]
[    0.000000] ACPI: Reserving DSDT table memory at [mem 0x3fff0610-0x3fff2962]
[    0.000000] ACPI: Reserving FACS table memory at [mem 0x3fff0200-0x3fff023f]
[    0.000000] ACPI: Reserving FACS table memory at [mem 0x3fff0200-0x3fff023f]
[    0.000000] ACPI: Reserving APIC table memory at [mem 0x3fff0240-0x3fff029b]
[    0.000000] ACPI: Reserving SSDT table memory at [mem 0x3fff02a0-0x3fff060b]
[    0.000000] No NUMA configuration found
[    0.000000] Faking a node at [mem 0x0000000000000000-0x000000003ffeffff]
[    0.000000] NODE_DATA(0) allocated [mem 0x3ffc5000-0x3ffeffff]
[    0.000000] kvm-clock: cpu 0, msr 0:3ff44001, primary cpu clock
[    0.000000] kvm-clock: Using msrs 4b564d01 and 4b564d00
[    0.000000] kvm-clock: using sched offset of 3512941900 cycles
[    0.000000] clocksource: kvm-clock: mask: 0xffffffffffffffff max_cycles: 0x1cd42e4dffb, max_idle_ns: 881590591483 ns
[    0.000000] Zone ranges:
[    0.000000]   DMA      [mem 0x0000000000001000-0x0000000000ffffff]
[    0.000000]   DMA32    [mem 0x0000000001000000-0x000000003ffeffff]
[    0.000000]   Normal   empty
[    0.000000]   Device   empty
[    0.000000] Movable zone start for each node
[    0.000000] Early memory node ranges
[    0.000000]   node   0: [mem 0x0000000000001000-0x000000000009efff]
[    0.000000]   node   0: [mem 0x0000000000100000-0x000000003ffeffff]
[    0.000000] Reserved but unavailable: 104 pages
[    0.000000] Initmem setup node 0 [mem 0x0000000000001000-0x000000003ffeffff]
[    0.000000] ACPI: PM-Timer IO Port: 0x4008
[    0.000000] IOAPIC[0]: apic_id 2, version 32, address 0xfec00000, GSI 0-23
[    0.000000] ACPI: INT_SRC_OVR (bus 0 bus_irq 0 global_irq 2 dfl dfl)
[    0.000000] ACPI: INT_SRC_OVR (bus 0 bus_irq 9 global_irq 9 low level)
[    0.000000] Using ACPI (MADT) for SMP configuration information
[    0.000000] smpboot: Allowing 2 CPUs, 0 hotplug CPUs
[    0.000000] PM: Registered nosave memory: [mem 0x00000000-0x00000fff]
[    0.000000] PM: Registered nosave memory: [mem 0x0009f000-0x0009ffff]
[    0.000000] PM: Registered nosave memory: [mem 0x000a0000-0x000effff]
[    0.000000] PM: Registered nosave memory: [mem 0x000f0000-0x000fffff]
[    0.000000] e820: [mem 0x40000000-0xfebfffff] available for PCI devices
[    0.000000] Booting paravirtualized kernel on KVM
[    0.000000] clocksource: refined-jiffies: mask: 0xffffffff max_cycles: 0xffffffff, max_idle_ns: 7645519600211568 ns
[    0.000000] setup_percpu: NR_CPUS:8192 nr_cpumask_bits:2 nr_cpu_ids:2 nr_node_ids:1
[    0.000000] percpu: Embedded 50 pages/cpu s167936 r8192 d28672 u1048576
[    0.000000] PV qspinlock hash table entries: 256 (order: 0, 4096 bytes)
[    0.000000] Built 1 zonelists, mobility grouping on.  Total pages: 257913
[    0.000000] Policy zone: DMA32
[    0.000000] Kernel command line: BOOT_IMAGE=/boot/vmlinuz-4.15.0-212-generic root=LABEL=cloudimg-rootfs ro console=tty1 console=ttyS0
[    0.000000] AGP: Checking aperture...
[    0.000000] AGP: No AGP bridge found
[    0.000000] Memory: 982644K/1048120K available (12300K kernel code, 2477K rwdata, 4324K rodata, 2480K init, 2720K bss, 65476K reserved, 0K cma-reserved)
[    0.000000] SLUB: HWalign=64, Order=0-3, MinObjects=0, CPUs=2, Nodes=1
[    0.000000] ftrace: allocating 39508 entries in 155 pages
[    0.004000] Hierarchical RCU implementation.
[    0.004000] 	RCU restricting CPUs from NR_CPUS=8192 to nr_cpu_ids=2.
[    0.004000] 	Tasks RCU enabled.
[    0.004000] RCU: Adjusting geometry for rcu_fanout_leaf=16, nr_cpu_ids=2
[    0.004000] NR_IRQS: 524544, nr_irqs: 440, preallocated irqs: 16
[    0.004000] Console: colour VGA+ 80x25
[    0.004000] console [tty1] enabled
[    0.004000] console [ttyS0] enabled
[    0.004000] ACPI: Core revision 20170831
[    0.004000] ACPI: 2 ACPI AML tables successfully acquired and loaded
[    0.004000] APIC: Switch to symmetric I/O mode setup
[    0.004000] x2apic enabled
[    0.004000] Switched APIC routing to physical x2apic.
[    0.004000] ..TIMER: vector=0x30 apic1=0 pin1=2 apic2=-1 pin2=-1
[    0.004008] tsc: Detected 4013.644 MHz processor
[    0.008014] Calibrating delay loop (skipped) preset value.. 8027.28 BogoMIPS (lpj=16054576)
[    0.010233] pid_max: default: 32768 minimum: 301
[    0.012090] Security Framework initialized
[    0.013209] Yama: becoming mindful.
[    0.014483] AppArmor: AppArmor initialized
[    0.017405] Dentry cache hash table entries: 131072 (order: 8, 1048576 bytes)
[    0.020163] Inode-cache hash table entries: 65536 (order: 7, 524288 bytes)
[    0.022203] Mount-cache hash table entries: 2048 (order: 2, 16384 bytes)
[    0.024017] Mountpoint-cache hash table entries: 2048 (order: 2, 16384 bytes)
[    0.026331] Last level iTLB entries: 4KB 512, 2MB 1024, 4MB 512
[    0.028003] Last level dTLB entries: 4KB 1024, 2MB 1024, 4MB 512, 1GB 0
[    0.029911] Spectre V1 : Mitigation: usercopy/swapgs barriers and __user pointer sanitization
[    0.032008] Spectre V2 : Mitigation: Retpolines
[    0.033459] Spectre V2 : Spectre v2 / SpectreRSB mitigation: Filling RSB on context switch
[    0.036005] Spectre V2 : Spectre v2 / SpectreRSB : Filling RSB on VMEXIT
[    0.037689] RETBleed: Vulnerable
[    0.040018] Freeing SMP alternatives memory: 36K
[    0.151238] smpboot: CPU0: AMD FX-8370 Eight-Core Processor (family: 0x15, model: 0x2, stepping: 0x0)
[    0.152000] Performance Events: PMU not available due to virtualization, using software events only.
[    0.152092] Hierarchical SRCU implementation.
[    0.154012] NMI watchdog: Perf event create on CPU 0 failed with -2
[    0.156002] NMI watchdog: Perf NMI watchdog permanently disabled
[    0.157642] smp: Bringing up secondary CPUs ...
[    0.159142] x86: Booting SMP configuration:
[    0.160004] .... node  #0, CPUs:      #1
[    0.004000] kvm-clock: cpu 1, msr 0:3ff44041, secondary cpu clock
[    0.166129] smp: Brought up 1 node, 2 CPUs
[    0.166129] smpboot: Max logical packages: 1
[    0.168006] smpboot: Total of 2 processors activated (16054.57 BogoMIPS)
[    0.170136] devtmpfs: initialized
[    0.170136] x86/mm: Memory block size: 128MB
[    0.170566] evm: security.selinux
[    0.172004] evm: security.SMACK64
[    0.173129] evm: security.SMACK64EXEC
[    0.174155] evm: security.SMACK64TRANSMUTE
[    0.176007] evm: security.SMACK64MMAP
[    0.177339] evm: security.apparmor
[    0.178224] evm: security.ima
[    0.179028] evm: security.capability
[    0.180127] clocksource: jiffies: mask: 0xffffffff max_cycles: 0xffffffff, max_idle_ns: 7645041785100000 ns
[    0.182601] futex hash table entries: 512 (order: 3, 32768 bytes)
[    0.185115] pinctrl core: initialized pinctrl subsystem
[    0.186732] RTC time: 17:08:27, date: 01/13/24
[    0.188332] NET: Registered protocol family 16
[    0.189669] audit: initializing netlink subsys (disabled)
[    0.192097] audit: type=2000 audit(1705165711.558:1): state=initialized audit_enabled=0 res=1
[    0.196004] cpuidle: using governor ladder
[    0.196059] cpuidle: using governor menu
[    0.200232] ACPI: bus type PCI registered
[    0.201190] acpiphp: ACPI Hot Plug PCI Controller Driver version: 0.5
[    0.203030] PCI: Using configuration type 1 for base access
[    0.204012] PCI: Using configuration type 1 for extended access
[    0.208177] HugeTLB registered 2.00 MiB page size, pre-allocated 0 pages
[    0.209891] ACPI: Added _OSI(Module Device)
[    0.209891] ACPI: Added _OSI(Processor Device)
[    0.210912] ACPI: Added _OSI(3.0 _SCP Extensions)
[    0.212003] ACPI: Added _OSI(Processor Aggregator Device)
[    0.213631] ACPI: Added _OSI(Linux-Dell-Video)
[    0.214947] ACPI: Added _OSI(Linux-Lenovo-NV-HDMI-Audio)
[    0.216008] ACPI: Added _OSI(Linux-HPI-Hybrid-Graphics)
[    0.217783] ACPI: Executed 1 blocks of module-level executable AML code
[    0.224961] ACPI: Interpreter enabled
[    0.226423] ACPI: (supports S0 S5)
[    0.227721] ACPI: Using IOAPIC for interrupt routing
[    0.228287] PCI: Using host bridge windows from ACPI; if necessary, use "pci=nocrs" and report a bug
[    0.230919] ACPI: Enabled 2 GPEs in block 00 to 07
[    0.241005] ACPI: PCI Root Bridge [PCI0] (domain 0000 [bus 00-ff])
[    0.242738] acpi PNP0A03:00: _OSC: OS supports [ExtendedConfig ASPM ClockPM Segments MSI]
[    0.245245] acpi PNP0A03:00: _OSC: platform does not support [PCIeCapability]
[    0.248567] acpi PNP0A03:00: _OSC: not requesting control; platform does not support [PCIeCapability]
[    0.251088] acpi PNP0A03:00: _OSC: OS requested [PCIeHotplug PME AER PCIeCapability]
[    0.256004] acpi PNP0A03:00: _OSC: platform willing to grant [PCIeHotplug PME AER]
[    0.256004] acpi PNP0A03:00: _OSC failed (AE_SUPPORT); disabling ASPM
[    0.258260] PCI host bridge to bus 0000:00
[    0.260009] pci_bus 0000:00: root bus resource [io  0x0000-0x0cf7 window]
[    0.262031] pci_bus 0000:00: root bus resource [io  0x0d00-0xffff window]
[    0.264011] pci_bus 0000:00: root bus resource [mem 0x000a0000-0x000bffff window]
[    0.266280] pci_bus 0000:00: root bus resource [mem 0x40000000-0xfdffffff window]
[    0.268007] pci_bus 0000:00: root bus resource [bus 00-ff]
[    0.274428] pci 0000:00:01.1: legacy IDE quirk: reg 0x10: [io  0x01f0-0x01f7]
[    0.276009] pci 0000:00:01.1: legacy IDE quirk: reg 0x14: [io  0x03f6]
[    0.278293] pci 0000:00:01.1: legacy IDE quirk: reg 0x18: [io  0x0170-0x0177]
[    0.280007] pci 0000:00:01.1: legacy IDE quirk: reg 0x1c: [io  0x0376]
[    0.304000] pci 0000:00:07.0: quirk: [io  0x4000-0x403f] claimed by PIIX4 ACPI
[    0.308026] pci 0000:00:07.0: quirk: [io  0x4100-0x410f] claimed by PIIX4 SMB
[    0.316416] ACPI: PCI Interrupt Link [LNKA] (IRQs 5 9 10 *11)
[    0.318310] ACPI: PCI Interrupt Link [LNKB] (IRQs 5 9 *10 11)
[    0.320119] ACPI: PCI Interrupt Link [LNKC] (IRQs 5 *9 10 11)
[    0.322157] ACPI: PCI Interrupt Link [LNKD] (IRQs 5 9 10 *11)
[    0.324588] SCSI subsystem initialized
[    0.328070] pci 0000:00:02.0: vgaarb: setting as boot VGA device
[    0.329809] pci 0000:00:02.0: vgaarb: VGA device added: decodes=io+mem,owns=io+mem,locks=none
[    0.332012] pci 0000:00:02.0: vgaarb: bridge control possible
[    0.333412] vgaarb: loaded
[    0.333412] ACPI: bus type USB registered
[    0.333460] usbcore: registered new interface driver usbfs
[    0.335136] usbcore: registered new interface driver hub
[    0.336021] usbcore: registered new device driver usb
[    0.340030] EDAC MC: Ver: 3.0.0
[    0.341143] PCI: Using ACPI for IRQ routing
[    0.344373] NetLabel: Initializing
[    0.345407] NetLabel:  domain hash size = 128
[    0.346643] NetLabel:  protocols = UNLABELED CIPSOv4 CALIPSO
[    0.348016] NetLabel:  unlabeled traffic allowed by default
[    0.349538] clocksource: Switched to clocksource kvm-clock
[    0.370791] VFS: Disk quotas dquot_6.6.0
[    0.372120] VFS: Dquot-cache hash table entries: 512 (order 0, 4096 bytes)
[    0.374300] AppArmor: AppArmor Filesystem Enabled
[    0.375752] pnp: PnP ACPI init
[    0.378000] pnp: PnP ACPI: found 3 devices
[    0.389076] clocksource: acpi_pm: mask: 0xffffff max_cycles: 0xffffff, max_idle_ns: 2085701024 ns
[    0.391716] NET: Registered protocol family 2
[    0.392965] IP idents hash table entries: 16384 (order: 5, 131072 bytes)
[    0.396172] TCP established hash table entries: 8192 (order: 4, 65536 bytes)
[    0.398461] TCP bind hash table entries: 8192 (order: 5, 131072 bytes)
[    0.400133] TCP: Hash tables configured (established 8192 bind 8192)
[    0.402190] UDP hash table entries: 512 (order: 2, 16384 bytes)
[    0.403743] UDP-Lite hash table entries: 512 (order: 2, 16384 bytes)
[    0.405377] NET: Registered protocol family 1
[    0.406491] pci 0000:00:00.0: Limiting direct PCI/PCI transfers
[    0.407968] pci 0000:00:01.0: Activating ISA DMA hang workarounds
[    0.409716] pci 0000:00:02.0: Video device with shadowed ROM at [mem 0x000c0000-0x000dffff]
[    0.411992] Unpacking initramfs...
[    0.758847] Freeing initrd memory: 19528K
[    0.761243] clocksource: tsc: mask: 0xffffffffffffffff max_cycles: 0x39dab5290d0, max_idle_ns: 440795214935 ns
[    0.766390] platform rtc_cmos: registered platform RTC device (no PNP device found)
[    0.770381] Scanning for low memory corruption every 60 seconds
[    0.773050] Initialise system trusted keyrings
[    0.774406] Key type blacklist registered
[    0.775558] workingset: timestamp_bits=36 max_order=18 bucket_order=0
[    0.779170] zbud: loaded
[    0.781298] squashfs: version 4.0 (2009/01/31) Phillip Lougher
[    0.783723] fuse init (API version 7.26)
[    0.793490] Key type asymmetric registered
[    0.796761] Asymmetric key parser 'x509' registered
[    0.799068] Block layer SCSI generic (bsg) driver version 0.4 loaded (major 246)
[    0.803000] io scheduler noop registered
[    0.804479] io scheduler deadline registered
[    0.805875] io scheduler cfq registered (default)
[    0.807695] ACPI: AC Adapter [AC] (on-line)
[    0.808923] input: Power Button as /devices/LNXSYSTM:00/LNXPWRBN:00/input/input0
[    0.811015] ACPI: Power Button [PWRF]
[    0.812344] input: Sleep Button as /devices/LNXSYSTM:00/LNXSLPBN:00/input/input1
[    0.814417] ACPI: Sleep Button [SLPF]
[    0.816143] Serial: 8250/16550 driver, 32 ports, IRQ sharing enabled
[    0.839322] 00:02: ttyS0 at I/O 0x3f8 (irq = 4, base_baud = 115200) is a 16550A
[    0.845506] Linux agpgart interface v0.103
[    0.850253] loop: module loaded
[    0.852117] scsi host0: ata_piix
[    0.853245] scsi host1: ata_piix
[    0.854224] ata1: PATA max UDMA/33 cmd 0x1f0 ctl 0x3f6 bmdma 0xd000 irq 14
[    0.856166] ata2: PATA max UDMA/33 cmd 0x170 ctl 0x376 bmdma 0xd008 irq 15
[    0.858402] tun: Universal TUN/TAP device driver, 1.6
[    0.860035] PPP generic driver version 2.4.2
[    0.861384] ehci_hcd: USB 2.0 'Enhanced' Host Controller (EHCI) Driver
[    0.863204] ehci-pci: EHCI PCI platform driver
[    0.864550] ehci-platform: EHCI generic platform driver
[    0.866033] ohci_hcd: USB 1.1 'Open' Host Controller (OHCI) Driver
[    0.867776] ohci-pci: OHCI PCI platform driver
[    0.868967] ohci-platform: OHCI generic platform driver
[    0.870386] uhci_hcd: USB Universal Host Controller Interface driver
[    0.872285] i8042: PNP: PS/2 Controller [PNP0303:PS2K,PNP0f03:PS2M] at 0x60,0x64 irq 1,12
[    0.875114] serio: i8042 KBD port at 0x60,0x64 irq 1
[    0.876726] serio: i8042 AUX port at 0x60,0x64 irq 12
[    0.878282] mousedev: PS/2 mouse device common for all mice
[    0.880943] input: AT Translated Set 2 keyboard as /devices/platform/i8042/serio0/input/input2
[    0.883533] rtc_cmos rtc_cmos: rtc core: registered rtc_cmos as rtc0
[    0.885522] rtc_cmos rtc_cmos: alarms up to one day, 114 bytes nvram
[    0.887358] i2c /dev entries driver
[    0.888510] device-mapper: uevent: version 1.0.3
[    0.890313] device-mapper: ioctl: 4.37.0-ioctl (2017-09-20) initialised: dm-devel@redhat.com
[    0.892932] ledtrig-cpu: registered to indicate activity on CPUs
[    0.895032] x86/pm: family 0x15 cpu detected, MSR saving is needed during suspending.
[    0.897397] NET: Registered protocol family 10
[    0.903668] Segment Routing with IPv6
[    0.904811] NET: Registered protocol family 17
[    0.906187] Key type dns_resolver registered
[    0.907796] mce: Using 0 MCE banks
[    0.908666] RAS: Correctable Errors collector initialized.
[    0.910380] sched_clock: Marking stable (908639116, 0)->(1249574206, -340935090)
[    0.913564] registered taskstats version 1
[    0.914741] Loading compiled-in X.509 certificates
[    0.919684] Loaded X.509 cert 'Build time autogenerated kernel key: b5b26778eaa3ab3a4a6cee031137706e947d12ad'
[    0.922875] Loaded X.509 cert 'Canonical Ltd. Live Patch Signing: 14df34d1a87cf37625abec039ef2bf521249b969'
[    0.926488] Loaded X.509 cert 'Canonical Ltd. Kernel Module Signing: 88f752e560a1e0737e31163a466ad7b70a850c19'
[    0.929270] blacklist: Loading compiled-in revocation X.509 certificates
[    0.931169] Loaded X.509 cert 'Canonical Ltd. Secure Boot Signing: 61482aa2830d0ab2ad5af10b7250da9033ddcef0'
[    0.934032] Loaded X.509 cert 'Canonical Ltd. Secure Boot Signing (2017): 242ade75ac4a15e50d50c84b0d45ff3eae707a03'
[    0.936806] Loaded X.509 cert 'Canonical Ltd. Secure Boot Signing (ESM 2018): 365188c1d374d6b07c3c8f240f8ef722433d6a8b'
[    0.939935] Loaded X.509 cert 'Canonical Ltd. Secure Boot Signing (2019): c0746fd6c5da3ae827864651ad66ae47fe24b3e8'
[    0.943218] Loaded X.509 cert 'Canonical Ltd. Secure Boot Signing (2021 v1): a8d54bbb3825cfb94fa13c9f8a594a195c107b8d'
[    0.947406] Loaded X.509 cert 'Canonical Ltd. Secure Boot Signing (2021 v2): 4cf046892d6fd3c9a5b03f98d845f90851dc6a8c'
[    0.950385] Loaded X.509 cert 'Canonical Ltd. Secure Boot Signing (2021 v3): 100437bb6de6e469b581e61cd66bce3ef4ed53af'
[    0.953441] Loaded X.509 cert 'Canonical Ltd. Secure Boot Signing (Ubuntu Core 2019): c1d57b8f6b743f23ee41f4f7ee292f06eecadfb9'
[    0.956932] zswap: loaded using pool lzo/zbud
[    0.962738] Key type big_key registered
[    0.963848] Key type trusted registered
[    0.967357] Key type encrypted registered
[    0.968657] AppArmor: AppArmor sha1 policy hashing enabled
[    0.970192] ima: No TPM chip found, activating TPM-bypass! (rc=-19)
[    0.972063] ima: Allocated hash algorithm: sha1
[    0.973199] evm: HMAC attrs: 0x1
[    0.974412]   Magic number: 8:812:137
[    0.975823] rtc_cmos rtc_cmos: setting system clock to 2024-01-13 17:08:27 UTC (1705165707)
[    0.978242] BIOS EDD facility v0.16 2004-Jun-25, 0 devices found
[    0.980479] EDD information not available.
[    1.043487] Freeing unused kernel image memory: 2480K
[    1.056171] Write protecting the kernel read-only data: 20480k
[    1.058960] Freeing unused kernel image memory: 2008K
[    1.060925] Freeing unused kernel image memory: 1820K
[    1.070723] x86/mm: Checked W+X mappings: passed, no W+X pages found.
Loading, please wait...
starting version 237
[    1.151849] Fusion MPT base driver 3.04.20
[    1.153185] Copyright (c) 1999-2008 LSI Corporation
[    1.155019] e1000: Intel(R) PRO/1000 Network Driver - version 7.3.21-k8-NAPI
[    1.157181] e1000: Copyright (c) 1999-2006 Intel Corporation.
[    1.167646] Fusion MPT SPI Host driver 3.04.20
[    1.182091] AVX version of gcm_enc/dec engaged.
[    1.183479] AES CTR mode by8 optimization enabled
[    1.377146] input: ImExPS/2 Generic Explorer Mouse as /devices/platform/i8042/serio1/input/input4
[    1.573581] e1000 0000:00:03.0 eth0: (PCI:33MHz:32-bit) 02:3b:7b:b7:3b:2d
[    1.575459] e1000 0000:00:03.0 eth0: Intel(R) PRO/1000 Network Connection
[    1.578776] e1000 0000:00:03.0 enp0s3: renamed from eth0
[    1.578936] mptbase: ioc0: Initiating bringup
[    1.913058] ioc0: LSI53C1030 A0: Capabilities={Initiator}
[    4.197819] scsi host2: ioc0: LSI53C1030 A0, FwRev=00000000h, Ports=1, MaxQ=256, IRQ=20
[    4.377094] scsi 2:0:0:0: Direct-Access     VBOX     HARDDISK         1.0  PQ: 0 ANSI: 5
[    4.412420] scsi target2:0:0: Beginning Domain Validation
[    4.418654] scsi target2:0:0: Domain Validation skipping write tests
[    4.422610] scsi target2:0:0: Ending Domain Validation
[    4.425862] scsi target2:0:0: asynchronous
[    4.429747] scsi 2:0:1:0: Direct-Access     VBOX     HARDDISK         1.0  PQ: 0 ANSI: 5
[    5.108264] scsi target2:0:1: Beginning Domain Validation
[    5.110922] scsi target2:0:1: Domain Validation skipping write tests
[    5.112279] scsi target2:0:1: Ending Domain Validation
[    5.114003] scsi target2:0:1: asynchronous
[    5.120038] sd 2:0:0:0: Attached scsi generic sg0 type 0
[    5.121848] sd 2:0:0:0: [sda] 83886080 512-byte logical blocks: (42.9 GB/40.0 GiB)
[    5.121903] sd 2:0:1:0: Attached scsi generic sg1 type 0
[    5.126514] sd 2:0:0:0: [sda] Write Protect is off
[    5.128616] sd 2:0:1:0: [sdb] 20480 512-byte logical blocks: (10.5 MB/10.0 MiB)
[    5.130845] sd 2:0:0:0: [sda] Incomplete mode parameter data
[    5.130919] sd 2:0:1:0: [sdb] Write Protect is off
[    5.132881] sd 2:0:0:0: [sda] Assuming drive cache: write through
[    5.136639] sd 2:0:1:0: [sdb] Incomplete mode parameter data
[    5.138306] sd 2:0:1:0: [sdb] Assuming drive cache: write through
[    5.143642]  sda: sda1
[    5.145463] sd 2:0:0:0: [sda] Attached SCSI disk
[    5.147323] sd 2:0:1:0: [sdb] Attached SCSI disk
Begin: Loading essential drivers ... [    6.752078] raid6: sse2x1   gen()  6401 MB/s
[    6.800397] raid6: sse2x1   xor()  4467 MB/s
[    6.848116] raid6: sse2x2   gen()  9932 MB/s
[    6.896091] raid6: sse2x2   xor()  6832 MB/s
[    6.944422] raid6: sse2x4   gen()  9953 MB/s
[    6.992076] raid6: sse2x4   xor()  5125 MB/s
[    6.993348] raid6: using algorithm sse2x4 gen() 9953 MB/s
[    6.994700] raid6: .... xor() 5125 MB/s, rmw enabled
[    6.996020] raid6: using ssse3x2 recovery algorithm
[    6.999028] xor: automatically using best checksumming function   avx       
[    7.002312] async_tx: api initialized (async)
done.
Begin: Running /scripts/init-premount ... done.
Begin: Mounting root file system ... Begin: Running /scripts/local-top ... done.
Begin: Running /scripts/local-premount ... [    7.056972] Btrfs loaded, crc32c=crc32c-intel
Scanning for Btrfs filesystems
done.
Warning: fsck not present, so skipping root file system
[    7.094926] EXT4-fs (sda1): mounted filesystem with ordered data mode. Opts: (null)
done.
Begin: Running /scripts/local-bottom ... done.
Begin: Running /scripts/init-bottom ... done.
[    7.268782] ip_tables: (C) 2000-2006 Netfilter Core Team
[    7.281847] systemd[1]: systemd 237 running in system mode. (+PAM +AUDIT +SELINUX +IMA +APPARMOR +SMACK +SYSVINIT +UTMP +LIBCRYPTSETUP +GCRYPT +GNUTLS +ACL +XZ +LZ4 +SECCOMP +BLKID +ELFUTILS +KMOD -IDN2 +IDN -PCRE2 default-hierarchy=hybrid)
[    7.288102] systemd[1]: Detected virtualization oracle.
[    7.289636] systemd[1]: Detected architecture x86-64.

Welcome to [1mUbuntu 18.04.6 LTS[0m!

[    7.297589] systemd[1]: Set hostname to <ubuntu>.
[    7.302103] random: systemd: uninitialized urandom read (16 bytes read)
[    7.304431] systemd[1]: Initializing machine ID from random generator.
[    7.306842] systemd[1]: Installed transient /etc/machine-id file.
[    7.635652] random: systemd: uninitialized urandom read (16 bytes read)
[    7.641910] systemd[1]: Created slice System Slice.
[[0;32m  OK  [0m] Created slice System Slice.
[    7.765945] random: systemd: uninitialized urandom read (16 bytes read)
[    7.770087] systemd[1]: Listening on udev Kernel Socket.
[[0;32m  OK  [0m] Listening on udev Kernel Socket.
[    7.784771] systemd[1]: Listening on Journal Socket.
[[0;32m  OK  [0m] Listening on Journal Socket.
[    7.788772] systemd[1]: Starting Create list of required static device nodes for the current kernel...
         Starting Create list of required stâ€¦ce nodes for the current kernel...
[[0;32m  OK  [0m] Listening on Journal Socket (/dev/log).
[[0;32m  OK  [0m] Listening on /dev/initctl Compatibility Named Pipe.
[[0;32m  OK  [0m] Listening on Device-mapper event daemon FIFOs.
[[0;32m  OK  [0m] Listening on LVM2 poll daemon socket.
[[0;32m  OK  [0m] Listening on Syslog Socket.
         Starting Load Kernel Modules...
[[0;32m  OK  [0m] Started Forward Password Requests to Wall Directory Watch.
[[0;32m  OK  [0m] Listening on Network Service Netlink Socket.
         Starting Set the console keyboard layout...
         Starting Uncomplicated firewall...
[[0;32m  OK  [0m] Reached target Swap.
[    7.824245] Loading iSCSI transport class v2.0-870.
         Mounting POSIX Message Queue File System...
[[0;32m  OK  [0m] Created slice system-serial\x2dgetty.slice.
[[0;32m  OK  [0m] Listening on LVM2 metadata daemon socket.
[[0;32m  OK  [0m] Reached target System Time Synchronized.
[    7.847600] iscsi: registered transport (tcp)
[[0;32m  OK  [0m] Listening on Journal Audit Socket.
         Starting Monitoring of LVM2 mirrorsâ€¦ng dmeventd or progress polling...
[[0;32m  OK  [0m] Listening on udev Control Socket.
         Starting udev Coldplug all Devices...
         Starting Journal Service...
[[0;32m  OK  [0m] Set up automount Arbitrary Executabâ€¦rmats File System Automount Point.
[[0;32m  OK  [0m] Reached target Mounting snaps.
         Mounting Huge Pages File System...
[[0;32m  OK  [0m] Reached target User and Group Name Lookups.
[[0;32m  OK  [0m] Listening on fsck to fsckd communication Socket.
         Starting File System Check on Root Device...
[[0;32m  OK  [0m] Reached target Mounted snaps.
[[0;32m  OK  [0m] Created slice User and Session Slice.
[    7.938937] iscsi: registered transport (iser)
[[0;32m  OK  [0m] Reached target Slices.
         Mounting Kernel Debug File System...
[[0;32m  OK  [0m] Started Create list of required staâ€¦vice nodes for the current kernel.
[[0;32m  OK  [0m] Started Load Kernel Modules.
[[0;32m  OK  [0m] Started Uncomplicated firewall.
[[0;32m  OK  [0m] Mounted POSIX Message Queue File System.
[[0;32m  OK  [0m] Mounted Huge Pages File System.
[[0;32m  OK  [0m] Mounted Kernel Debug File System.
[[0;32m  OK  [0m] Started Journal Service.
[[0;32m  OK  [0m] Started File System Check Daemon to report status.
[[0;32m  OK  [0m] Started LVM2 metadata daemon.
         Mounting FUSE Control File System...
         Starting Apply Kernel Variables...
         Mounting Kernel Configuration File System...
         Starting Create Static Device Nodes in /dev...
[[0;32m  OK  [0m] Started File System Check on Root Device.
[[0;32m  OK  [0m] Started udev Coldplug all Devices.
[[0;32m  OK  [0m] Mounted FUSE Control File System.
[[0;32m  OK  [0m] Mounted Kernel Configuration File System.
         Starting Remount Root and Kernel File Systems...
[[0;32m  OK  [0m] Started Monitoring of LVM2 mirrors,â€¦sing dmeventd or progress polling.
[[0;32m  OK  [0m] Started Apply Kernel Variables.
[[0;32m  OK  [0m] Started Remount Root and Kernel File Systems.
         Starting Load/Save Random Seed...
         Starting Flush Journal to Persistent Storage...
[[0;32m  OK  [0m] Started Load/Save Random Seed.
[[0;32m  OK  [0m] Started Create Static Device Nodes in /dev.
         Starting udev Kernel Device Manager...
[[0;32m  OK  [0m] Started udev Kernel Device Manager.
[[0;32m  OK  [0m] Started Flush Journal to Persistent Storage.
[[0;32m  OK  [0m] Found device /dev/ttyS0.
[[0;32m  OK  [0m] Listening on Load/Save RF Kill Switch Status /dev/rfkill Watch.
         Mounting Arbitrary Executable File Formats File System...
[[0;32m  OK  [0m] Mounted Arbitrary Executable File Formats File System.
[[0;32m  OK  [0m] Started Set the console keyboard layout.
[[0;32m  OK  [0m] Started Dispatch Password Requests to Console Directory Watch.
[[0;32m  OK  [0m] Reached target Local Encrypted Volumes.
[[0;32m  OK  [0m] Reached target Local File Systems (Pre).
[[0;32m  OK  [0m] Reached target Local File Systems.
         Starting Set console font and keymap...
         Starting Create Volatile Files and Directories...
         Starting AppArmor initialization...
         Starting Tell Plymouth To Write Out Runtime Data...
         Starting Commit a transient machine-id on disk...
         Starting ebtables ruleset management...
[[0;32m  OK  [0m] Started Create Volatile Files and Directories.
         Starting Update UTMP about System Boot/Shutdown...
[[0;32m  OK  [0m] Started Tell Plymouth To Write Out Runtime Data.
[[0;32m  OK  [0m] Started Update UTMP about System Boot/Shutdown.
[[0;32m  OK  [0m] Started Commit a transient machine-id on disk.
[[0;32m  OK  [0m] Started ebtables ruleset management.
[[0;32m  OK  [0m] Started Set console font and keymap.
[[0;32m  OK  [0m] Started AppArmor initialization.
         Starting Load AppArmor profiles managed internally by snapd...
         Starting Initial cloud-init job (pre-networking)...
[[0;32m  OK  [0m] Started Load AppArmor profiles managed internally by snapd.
[   13.004484] cloud-init[815]: Cloud-init v. 23.1.2-0ubuntu0~18.04.1 running 'init-local' at Sat, 13 Jan 2024 17:08:39 +0000. Up 12.59 seconds.
[[0;32m  OK  [0m] Started Initial cloud-init job (pre-networking).
[[0;32m  OK  [0m] Reached target Network (Pre).
         Starting Network Service...
[[0;32m  OK  [0m] Started Network Service.
         Starting Network Name Resolution...
         Starting Wait for Network to be Configured...
[[0;32m  OK  [0m] Started Network Name Resolution.
[[0;32m  OK  [0m] Reached target Host and Network Name Lookups.
[[0;32m  OK  [0m] Reached target Network.
[[0;32m  OK  [0m] Started Wait for Network to be Configured.
         Starting Initial cloud-init job (metadata service crawler)...
[   15.011585] cloud-init[931]: Cloud-init v. 23.1.2-0ubuntu0~18.04.1 running 'init' at Sat, 13 Jan 2024 17:08:41 +0000. Up 14.80 seconds.
[   15.014982] cloud-init[931]: ci-info: ++++++++++++++++++++++++++++++++++++++Net device info++++++++++++++++++++++++++++++++++++++
[   15.028440] cloud-init[931]: ci-info: +--------+------+----------------------------+---------------+--------+-------------------+
[   15.030621] cloud-init[931]: ci-info: | Device |  Up  |          Address           |      Mask     | Scope  |     Hw-Address    |
[   15.032681] cloud-init[931]: ci-info: +--------+------+----------------------------+---------------+--------+-------------------+
[   15.034570] cloud-init[931]: ci-info: | enp0s3 | True |         10.0.2.15          | 255.255.255.0 | global | 02:3b:7b:b7:3b:2d |
[   15.036673] cloud-init[931]: ci-info: | enp0s3 | True | fe80::3b:7bff:feb7:3b2d/64 |       .       |  link  | 02:3b:7b:b7:3b:2d |
[   15.038776] cloud-init[931]: ci-info: |   lo   | True |         127.0.0.1          |   255.0.0.0   |  host  |         .         |
[   15.040520] cloud-init[931]: ci-info: |   lo   | True |          ::1/128           |       .       |  host  |         .         |
[   15.042769] cloud-init[931]: ci-info: +--------+------+----------------------------+---------------+--------+-------------------+
[   15.044760] cloud-init[931]: ci-info: ++++++++++++++++++++++++++++Route IPv4 info+++++++++++++++++++++++++++++
[   15.046274] cloud-init[931]: ci-info: +-------+-------------+----------+-----------------+-----------+-------+
[   15.049003] cloud-init[931]: ci-info: | Route | Destination | Gateway  |     Genmask     | Interface | Flags |
[   15.050582] cloud-init[931]: ci-info: +-------+-------------+----------+-----------------+-----------+-------+
[   15.052505] cloud-init[931]: ci-info: |   0   |   0.0.0.0   | 10.0.2.2 |     0.0.0.0     |   enp0s3  |   UG  |
[   15.054200] cloud-init[931]: ci-info: |   1   |   10.0.2.0  | 0.0.0.0  |  255.255.255.0  |   enp0s3  |   U   |
[   15.055868] cloud-init[931]: ci-info: |   2   |   10.0.2.2  | 0.0.0.0  | 255.255.255.255 |   enp0s3  |   UH  |
[   15.057658] cloud-init[931]: ci-info: +-------+-------------+----------+-----------------+-----------+-------+
[   15.059040] cloud-init[931]: ci-info: +++++++++++++++++++Route IPv6 info+++++++++++++++++++
[   15.060390] cloud-init[931]: ci-info: +-------+-------------+---------+-----------+-------+
[   15.061892] cloud-init[931]: ci-info: | Route | Destination | Gateway | Interface | Flags |
[   15.063372] cloud-init[931]: ci-info: +-------+-------------+---------+-----------+-------+
[   15.064773] cloud-init[931]: ci-info: |   1   |  fe80::/64  |    ::   |   enp0s3  |   U   |
[   15.066057] cloud-init[931]: ci-info: |   3   |    local    |    ::   |   enp0s3  |   U   |
[   15.067507] cloud-init[931]: ci-info: |   4   |   ff00::/8  |    ::   |   enp0s3  |   U   |
[   15.080243] cloud-init[931]: ci-info: +-------+-------------+---------+-----------+-------+
[   16.211529] cloud-init[931]: Generating public/private rsa key pair.
[   16.224420] cloud-init[931]: Your identification has been saved in /etc/ssh/ssh_host_rsa_key.
[   16.226351] cloud-init[931]: Your public key has been saved in /etc/ssh/ssh_host_rsa_key.pub.
[   16.227958] cloud-init[931]: The key fingerprint is:
[   16.228894] cloud-init[931]: SHA256:bmFhrpGr/JiKBUyYfeI7IhtKA2YF0MdwCQs9oKgd+UM root@ubuntu-bionic
[   16.230426] cloud-init[931]: The key's randomart image is:
[   16.231405] cloud-init[931]: +---[RSA 2048]----+
[   16.244342] cloud-init[931]: |==o+..           |
[   16.245363] cloud-init[931]: |++=++            |
[   16.246188] cloud-init[931]: |=.*+E   o        |
[   16.247057] cloud-init[931]: |+o.*   + .       |
[   16.248024] cloud-init[931]: |++o o o S        |
[   16.260561] cloud-init[931]: |+. . . * .       |
[   16.261565] cloud-init[931]: |+o+   o o        |
[   16.262506] cloud-init[931]: |+*.o + .         |
[   16.272553] cloud-init[931]: |+ ..=..          |
[   16.273387] cloud-init[931]: +----[SHA256]-----+
[   16.274267] cloud-init[931]: Generating public/private dsa key pair.
[   16.275519] cloud-init[931]: Your identification has been saved in /etc/ssh/ssh_host_dsa_key.
[   16.276691] cloud-init[931]: Your public key has been saved in /etc/ssh/ssh_host_dsa_key.pub.
[   16.288327] cloud-init[931]: The key fingerprint is:
[   16.289134] cloud-init[931]: SHA256:ng3KP32RCPcQ/fvQq0EA3fj8cctHy1NDLetTY2hqjak root@ubuntu-bionic
[   16.290595] cloud-init[931]: The key's randomart image is:
[   16.300534] cloud-init[931]: +---[DSA 1024]----+
[   16.301322] cloud-init[931]: |         ...o   .|
[   16.302497] cloud-init[931]: |          oo.....|
[   16.303747] cloud-init[931]: |           oo.oo |
[   16.304730] cloud-init[931]: |        . o .=o==|
[   16.305621] cloud-init[931]: |        So +*+==O|
[   16.306513] cloud-init[931]: |     . o +.==.=Bo|
[   16.307393] cloud-init[931]: |      o o.+  o ++|
[   16.308269] cloud-init[931]: |       ..E. . ...|
[   16.309149] cloud-init[931]: |        .. . ..  |
[   16.310038] cloud-init[931]: +----[SHA256]-----+
[   16.311081] cloud-init[931]: Generating public/private ecdsa key pair.
[[0;32m  OK  [0m] Started Initial cloud-init job (metadata service crawler).
[   16.324532] cloud-init[931]: Your identification has been saved in /etc/ssh/ssh_host_ecdsa_key.
[   16.326437] cloud-init[931]: Your public key has been saved in /etc/ssh/ssh_host_ecdsa_key.pub.
[   16.327771] cloud-init[931]: The key fingerprint is:
[   16.328550] cloud-init[931]: SHA256:pK0Zbkt5I59lGnFYzAFTyO0CMmXoKlSnfRSnienAO+Y root@ubuntu-bionic
[[   16.329873] cloud-init[931]: The key's randomart image is:
[   16.330020] cloud-init[931]: +---[ECDSA 256]---+
[   16.330128] cloud-init[931]: |     ooo+*o      |
[   16.330267] cloud-init[931]: |  ..+o+.*+..     |
[   16.330539] cloud-init[931]: |  .++=.+..+      |
[   16.330905] cloud-init[931]: | . .=. =.o.      |
[   16.331510] cloud-init[931]: |.  = .+ S..      |
[   16.332467] cloud-init[931]: |. + .. = o       |
[   16.332979] cloud-init[931]: | . E  O + o      |
[   16.333134] cloud-init[931]: |     o = B       |
[   16.333807] cloud-init[931]: |      . +        |
[   16.334562] cloud-init[931]: +----[SHA256]-----+
[   16.335156] cloud-init[931]: Generating public/private ed25519 key pair.
[   16.335635] cloud-init[931]: Your identification has been saved in /etc/ssh/ssh_host_ed25519_key.
[   16.335772] cloud-init[931]: Your public key has been saved in /etc/ssh/ssh_host_ed25519_key.pub.
[   16.335815] cloud-init[931]: The key fingerprint is:
[   16.336161] cloud-init[931]: SHA256:yGKLuXZX3gRtutOk798yY1qzlewSd4T1cuKND2eyfd4 root@ubuntu-bionic
[   16.336900] cloud-init[931]: The key's randomart image is:
[   16.337258] cloud-init[931]: +--[ED25519 256]--+
[   16.337655] cloud-init[931]: |                 |
[   16.337769] cloud-init[931]: |                .|
[   16.338226] cloud-init[931]: |         .     o.|
[   16.338578] cloud-init[931]: |     . .. o   + +|
[   16.338936] cloud-init[931]: |    o o S+   . B |
[   16.339248] cloud-init[931]: |   + o  o o ..*.=|
[   16.339721] cloud-init[931]: |  o .  o B  oo+X |
[   16.340478] cloud-init[931]: |  ... . = o.**. =|
[   16.340787] cloud-init[931]: | ... .   +++o=o.E|
[   16.341136] cloud-init[931]: +----[SHA256]-----+
[0;32m  OK  [0m] Reached target Cloud-config availability.
[[0;32m  OK  [0m] Reached target Network is Online.
[[0;32m  OK  [0m] Reached target Remote File Systems (Pre).
[[0;32m  OK  [0m] Reached target Remote File Systems.
         Starting Availability of block devices...
[[0;32m  OK  [0m] Reached target System Initialization.
[[0;32m  OK  [0m] Started Daily apt download activities.
[[0;32m  OK  [0m] Started Discard unused blocks once a week.
[[0;32m  OK  [0m] Started Message of the Day.
[[0;32m  OK  [0m] Started Daily Cleanup of Temporary Directories.
[[0;32m  OK  [0m] Listening on Open-iSCSI iscsid Socket.
         Starting Socket activation for snappy daemon.
[[0;32m  OK  [0m] Listening on D-Bus System Message Bus Socket.
[[0;32m  OK  [0m] Listening on cloud-init hotplug hook socket.
[[0;32m  OK  [0m] Started ACPI Events Check.
[[0;32m  OK  [0m] Reached target Paths.
[[0;32m  OK  [0m] Listening on ACPID Listen Socket.
[[0;32m  OK  [0m] Listening on UUID daemon activation socket.
[[0;32m  OK  [0m] Started Ubuntu Advantage Timer for running repeated jobs.
[[0;32m  OK  [0m] Started Daily apt upgrade and clean activities.
[[0;32m  OK  [0m] Reached target Timers.
         Starting LXD - unix socket.
[[0;32m  OK  [0m] Started Availability of block devices.
[[0;32m  OK  [0m] Listening on Socket activation for snappy daemon.
[[0;32m  OK  [0m] Listening on LXD - unix socket.
[[0;32m  OK  [0m] Reached target Sockets.
[[0;32m  OK  [0m] Reached target Basic System.
[[0;32m  OK  [0m] Reached target Login Prompts (Pre).
         Starting LSB: Record successful boot for GRUB...
         Starting Accounts Service...
         Starting Permit User Sessions...
         Starting Pollinate to seed the pseudo random number generator...
         Starting LXD - container startup/shutdown...
         Starting Dispatcher daemon for systemd-networkd...
         Starting System Logging Service...
[[0;32m  OK  [0m] Started D-Bus System Message Bus.
[[0;32m  OK  [0m] Started Regular background program processing daemon.
[[0;32m  OK  [0m] Started FUSE filesystem for LXC.
         Starting Virtualbox guest utils...
         Starting Login Service...
[[0;32m  OK  [0m] Started Deferred execution scheduler.
         Starting Snap Daemon...
[[0;32m  OK  [0m] Started irqbalance daemon.
         Starting LSB: automatic crash report generation...
[[0;32m  OK  [0m] Started System Logging Service.
[[0;32m  OK  [0m] Started Permit User Sessions.
[[0;32m  OK  [0m] Started LXD - container startup/shutdown.
[[0;32m  OK  [0m] Started Login Service.
[[0;32m  OK  [0m] Started Unattended Upgrades Shutdown.
         Starting Authorization Manager...
         Starting Hold until boot process finishes up...
         Starting Terminate Plymouth Boot Screen...
[[0;32m  OK  [0m] Started Hold until boot process finishes up.
         Starting Set console scheme...
[[0;32m  OK  [0m] Started Serial Getty on ttyS0.
[[0;32m  OK  [0m] Started Terminate Plymouth Boot Screen.
[[0;32m  OK  [0m] Started LSB: automatic crash report generation.
[[0;32m  OK  [0m] Started Set console scheme.
[[0;32m  OK  [0m] Created slice system-getty.slice.
[[0;32m  OK  [0m] Started Getty on tty1.
[[0;32m  OK  [0m] Reached target Login Prompts.
[[0;32m  OK  [0m] Started Dispatcher daemon for systemd-networkd.
[[0;32m  OK  [0m] Started LSB: Record successful boot for GRUB.
[[0;32m  OK  [0m] Started Authorization Manager.
[[0;32m  OK  [0m] Started Accounts Service.
[[0;32m  OK  [0m] Started Virtualbox guest utils.
[[0;32m  OK  [0m] Started Snap Daemon.
         Starting Wait until snapd is fully seeded...
[[0;32m  OK  [0m] Started Pollinate to seed the pseudo random number generator.
         Starting OpenBSD Secure Shell server...
[[0;32m  OK  [0m] Started OpenBSD Secure Shell server.
         Starting Time & Date Service...
[[0;32m  OK  [0m] Started Time & Date Service.
[[0;32m  OK  [0m] Created slice User Slice of vagrant.
         Starting User Manager for UID 1000...
[[0;32m  OK  [0m] Started Session 1 of user vagrant.
[[0;32m  OK  [0m] Started User Manager for UID 1000.
[[0;32m  OK  [0m] Started Wait until snapd is fully seeded.
         Starting Apply the settings specified in cloud-config...
[   20.887607] cloud-init[1471]: Cloud-init v. 23.1.2-0ubuntu0~18.04.1 running 'modules:config' at Sat, 13 Jan 2024 17:08:46 +0000. Up 20.17 seconds.
[[0;32m  OK  [0m] Started Apply the settings specified in cloud-config.
[[0;32m  OK  [0m] Reached target Multi-User System.
         Starting Execute cloud user/final scripts...
[[0;32m  OK  [0m] Reached target Graphical Interface.
         Starting Update UTMP about System Runlevel Changes...
[[0;32m  OK  [0m] Started Update UTMP about System Runlevel Changes.
ci-info: no authorized SSH keys fingerprints found for user ubuntu.
<14>Jan 13 17:08:48 cloud-init: #############################################################
<14>Jan 13 17:08:48 cloud-init: -----BEGIN SSH HOST KEY FINGERPRINTS-----
<14>Jan 13 17:08:48 cloud-init: 1024 SHA256:ng3KP32RCPcQ/fvQq0EA3fj8cctHy1NDLetTY2hqjak root@ubuntu-bionic (DSA)
<14>Jan 13 17:08:48 cloud-init: 256 SHA256:pK0Zbkt5I59lGnFYzAFTyO0CMmXoKlSnfRSnienAO+Y root@ubuntu-bionic (ECDSA)
<14>Jan 13 17:08:48 cloud-init: 256 SHA256:yGKLuXZX3gRtutOk798yY1qzlewSd4T1cuKND2eyfd4 root@ubuntu-bionic (ED25519)
<14>Jan 13 17:08:48 cloud-init: 2048 SHA256:bmFhrpGr/JiKBUyYfeI7IhtKA2YF0MdwCQs9oKgd+UM root@ubuntu-bionic (RSA)
<14>Jan 13 17:08:48 cloud-init: -----END SSH HOST KEY FINGERPRINTS-----
<14>Jan 13 17:08:48 cloud-init: #############################################################
-----BEGIN SSH HOST KEY KEYS-----
ecdsa-sha2-nistp256 AAAAE2VjZHNhLXNoYTItbmlzdHAyNTYAAAAIbmlzdHAyNTYAAABBBKkJLwRhQ3D15WlnZUxTMjoDUCyaew+p5tn9ImDjt/snI9K4lFKnQXuoVvDCEs4R3Kaeueg8vgrc8UMO/jxtEPc= root@ubuntu-bionic
ssh-ed25519 AAAAC3NzaC1lZDI1NTE5AAAAIFpQfsOAf+JYf2ap8pSJvQjBbkUPlHBGJynUfyf6Mtn2 root@ubuntu-bionic
ssh-rsa AAAAB3NzaC1yc2EAAAADAQABAAABAQDugdDJlzNBC9+Lnnvu0WTorhGQ16RmiGyqeZ+2N0tPzsycjQCz9/Gao5SmMkKeg0wPKEM2FySxnVIgMCTwJdjE3wAoH/++BLRfQ1nQenqiPkIJCQmab/yVOCbo5Uyop48fua0NtbbqFtfWwdTlutKdm+eh7ptgeQRlJq35tkr0H+BBEEmGsyXUAx0B1hz9xdmuK378QbVKxl0nMR4gXqK0URf3iS4DO7SgLfBElxa2gbP0Bo4xNsU3LFN7rZX077FQVI6fjjmeLIpBSQUuQYxGlXjyvR1m8yw3PbRdLVISICeLVvE3IMMWlpT16CUZn440ZACldiRF0o/X8hIvpKjV root@ubuntu-bionic
-----END SSH HOST KEY KEYS-----
[   22.136451] cloud-init[1549]: Cloud-init v. 23.1.2-0ubuntu0~18.04.1 running 'modules:final' at Sat, 13 Jan 2024 17:08:48 +0000. Up 21.75 seconds.
[   22.139107] cloud-init[1549]: Cloud-init v. 23.1.2-0ubuntu0~18.04.1 finished at Sat, 13 Jan 2024 17:08:48 +0000. Datasource DataSourceNoCloud [seed=/dev/sdb][dsmode=net].  Up 22.12 seconds

Ubuntu 18.04.6 LTS ubuntu-bionic ttyS0

ubuntu-bionic login: 